// Jest Snapshot v1, https://goo.gl/fbAQLP

exports[`Header renders itself correctly 1`] = `
<header
  className="header"
>
  <div
    className="container"
  >
    <div
      className="row"
    >
      <div
        className="col-12"
      >
        <div
          className="header-content"
        >
          <span
            className="header-logo"
          >
            <GatsbyLink
              to="/"
            >
              Site Name
            </GatsbyLink>
          </span>
          <nav
            className="header-nav"
          >
            <ul
              className="header-nav-list"
            >
              <li
                className="header-nav-list-item"
              >
                <a
                  href="#features"
                >
                  Features
                </a>
              </li>
              <li
                className="header-nav-list-item"
              >
                <a
                  href="#howto"
                >
                  How To
                </a>
              </li>
            </ul>
          </nav>
        </div>
      </div>
    </div>
  </div>
</header>
`;
