// Jest Snapshot v1, https://goo.gl/fbAQLP

exports[`Header renders itself correctly 1`] = `
<nav
  class="navbar navbar-expand-lg navbar-dark bg-dark"
>
  <div
    class="container"
  >
    <GatsbyLink
      className="navbar-brand"
      to="/"
    >
      Site Name
    </GatsbyLink>
    <button
      aria-controls="navbarNavAltMarkup"
      aria-expanded="false"
      aria-label="Toggle navigation"
      class="navbar-toggler"
      data-target="#navbarNavAltMarkup"
      data-toggle="collapse"
      type="button"
    >
      <span
        class="navbar-toggler-icon"
      />
    </button>
    <div
      class="collapse navbar-collapse"
      id="navbarNavAltMarkup"
    >
      <div
        class="navbar-nav"
      >
        <GatsbyLink
          className="nav-item nav-link"
          to="/activities"
        >
          Activities
        </GatsbyLink>
        <GatsbyLink
          className="nav-item nav-link"
          to="/faq"
        >
          FAQ
        </GatsbyLink>
        <GatsbyLink
          className="nav-item nav-link"
          to="/contact"
        >
          Contact
        </GatsbyLink>
      </div>
    </div>
  </div>
</nav>
`;
