// Jest Snapshot v1, https://goo.gl/fbAQLP

exports[`Header renders itself correctly 1`] = `
<nav
  className="navbar navbar-expand-lg navbar-dark bg-dark"
>
  <div
    className="container"
  >
    <GatsbyLink
      className="navbar-brand"
      to="/"
    >
      Site Name
    </GatsbyLink>
    <button
      aria-controls="navbarNavAltMarkup"
      aria-expanded="false"
      aria-label="Toggle navigation"
      className="navbar-toggler"
      data-target="#navbarNavAltMarkup"
      data-toggle="collapse"
      type="button"
    >
      <span
        className="navbar-toggler-icon"
      />
    </button>
    <div
      className="collapse navbar-collapse"
      id="navbarNavAltMarkup"
    >
      <div
        className="navbar-nav mr-auto"
      >
        <GatsbyLink
          className="nav-item nav-link"
          to="/activities"
        >
          Activities
        </GatsbyLink>
        <GatsbyLink
          className="nav-item nav-link"
          to="/faq"
        >
          FAQ
        </GatsbyLink>
        <GatsbyLink
          className="nav-item nav-link"
          to="/contact"
        >
          Contact
        </GatsbyLink>
      </div>
      <form
        className="form-inline"
      >
        <input
          aria-label="Search"
          className="form-control mr-sm-2"
          placeholder="Search"
          type="search"
        />
        <button
          className="btn btn-outline-primary my-2 my-sm-0"
          type="submit"
        >
          Search
        </button>
      </form>
    </div>
  </div>
</nav>
`;
