// Jest Snapshot v1, https://goo.gl/fbAQLP

exports[`Index Layout renders itself 1`] = `
<div>
  <HelmetWrapper
    defer={true}
    encodeSpecialCharacters={true}
    meta={
      Array [
        Object {
          "content": "Site Description",
          "name": "description",
        },
        Object {
          "content": "one, two, three",
          "name": "keywords",
        },
      ]
    }
    title="Site Title"
  />
  <Header>
    Site Title
  </Header>
  <div>
    Children
  </div>
  <Footer />
</div>
`;
