// Jest Snapshot v1, https://goo.gl/fbAQLP

exports[`Activities Page renders itself as expected 1`] = `
<div>
  <h1>
    Activities
  </h1>
  <p>
    Learn improv warm-ups and exercises through a variety of written descriptions, animated instructionals, and video examples. Empowering you and your team the ability to take yourself to the next level.
  </p>
  <GatsbyLink
    to="/focus/"
  >
    Focus
  </GatsbyLink>
  <br />
  <GatsbyLink
    to="/"
  >
    Go to Home
  </GatsbyLink>
  <hr />
  <ul>
    <li
      key="0"
    >
      <GatsbyLink
        to="slug1"
      >
        One
      </GatsbyLink>
    </li>
    <li
      key="1"
    >
      <GatsbyLink
        to="slug2"
      >
        Two
      </GatsbyLink>
    </li>
    <li
      key="2"
    >
      <GatsbyLink
        to="slug3"
      >
        Three
      </GatsbyLink>
    </li>
  </ul>
</div>
`;
