// Jest Snapshot v1, https://goo.gl/fbAQLP

exports[`Activities Page renders itself 1`] = `
<div>
  <h1>
    Activities
  </h1>
  <p>
    Learn improv warm-ups and exercises through a variety of written descriptions, animated instructionals, and video examples. Empowering you and your team the ability to take yourself to the next level.
  </p>
  <GatsbyLink
    to="/"
  >
    Go to Home
  </GatsbyLink>
  <hr />
  <ul>
    <li
      key="0"
    >
      node one
    </li>
    <li
      key="1"
    >
      node two
    </li>
    <li
      key="2"
    >
      node three
    </li>
  </ul>
</div>
`;
