// Jest Snapshot v1, https://goo.gl/fbAQLP

exports[`Focus Page renders itself as expected 1`] = `
<div
  className="container"
>
  <h1>
    Activity Focus
  </h1>
  <p>
    Skill or technique used to make a performance better and more fun.
  </p>
  <GatsbyLink
    to="/activities/"
  >
    Activities
  </GatsbyLink>
  <hr />
  <dl>
    <div
      key="One"
    >
      <dt>
        One
      </dt>
      <dd>
        A
      </dd>
    </div>
    <div
      key="Two"
    >
      <dt>
        Two
      </dt>
      <dd>
        B
      </dd>
    </div>
    <div
      key="Three"
    >
      <dt>
        Three
      </dt>
      <dd>
        C
      </dd>
    </div>
  </dl>
</div>
`;
