// Jest Snapshot v1, https://goo.gl/fbAQLP

exports[`Index Page renders itself 1`] = `
<div>
  <h1>
    Early Access Alpha
  </h1>
  <p>
    Welcome to the future of learning improv. This early access preview gives you an inside look into the exciting new features coming to the site. Keep in mind everything is in active development and will be changing frequently, but don't let that stop you.
  </p>
  <p>
    Now go do something great.
  </p>
  <GatsbyLink
    to="/activities/"
  >
    Go to Activities
  </GatsbyLink>
</div>
`;
